Microchip MPLAB XC8 Compiler V2.05 ()

Linker command line:

-W-3 --edf=C:\Program Files (x86)\Microchip\xc8\v2.05\pic\dat\en_msgs.txt \
  -cs -h+dist/default/production\PIC18F25K22_Test.X.production.sym \
  --cmf=dist/default/production\PIC18F25K22_Test.X.production.cmf -z \
  -Q18F25K22 -oC:\Users\EE475P~1.000\AppData\Local\Temp\s8lo.2 \
  --defsym=__MPLAB_BUILD=1 \
  -Mdist/default/production/PIC18F25K22_Test.X.production.map -E1 -ver=XC8 \
  --acfsm=1493 -ASTACK=060h-05FFh -pstack=STACK -ACODE=00h-07FFFh \
  -ACONST=00h-07FFFh -ASMALLCONST=0600h-06FFhx122 \
  -AMEDIUMCONST=0600h-07FFFh -ACOMRAM=01h-05Fh -AABS1=00h-05FFh \
  -ABIGRAM=01h-05FFh -ARAM=060h-0FFh,0100h-01FFhx5 -ABANK0=060h-0FFh \
  -ABANK1=0100h-01FFh -ABANK2=0200h-02FFh -ABANK3=0300h-03FFh \
  -ABANK4=0400h-04FFh -ABANK5=0500h-05FFh -ASFR=0F38h-0F5Fh,0F60h-0FFFh \
  -preset_vec=00h,intcode,intcodelo,powerup,init -pramtop=0600h \
  -psmallconst=SMALLCONST -pmediumconst=MEDIUMCONST -pconst=CONST \
  -AFARRAM=00h-00h -ACONFIG=0300000h-030000Dh -pconfig=CONFIG \
  -AIDLOC=0200000h-0200007h -pidloc=IDLOC -AEEDATA=0F00000h-0F000FFh \
  -peeprom_data=EEDATA \
  -prdata=COMRAM,nvrram=COMRAM,nvbit=COMRAM,rbss=COMRAM,rbit=COMRAM \
  -pfarbss=FARRAM,fardata=FARRAM,nvFARRAM=FARRAM \
  -pintsave_regs=BIGRAM,bigbss=BIGRAM,bigdata=BIGRAM -pbss=RAM \
  -pidata=CODE,irdata=CODE,ibigdata=CODE,ifardata=CODE -prparam=COMRAM \
  C:\Users\EE475P~1.000\AppData\Local\Temp\s8lo.o \
  dist/default/production\PIC18F25K22_Test.X.production.o 

Object code version is 3.11

Machine type is 18F25K22

Call graph: (short form)




                Name                               Link     Load   Length Selector   Space Scale
C:\Users\EE475P~1.000\AppData\Local\Temp\s8lo.o
                init                                  0        0        4        0       0
                idloc                            200000   200000        8   200000       0
                config                           300000   300000        E   300000       0
dist/default/production\PIC18F25K22_Test.X.production.o
                text13                             7EB2     7EB2       82     3F59       0
                text12                             7E48     7E48       6A     3F24       0
                text11                             7D06     7D06       24     3E83       0
                text10                             7D2A     7D2A       24     3E95       0
                text9                              7CCA     7CCA        C     3E65       0
                text8                              7CD6     7CD6        C     3E6B       0
                text7                              7CBE     7CBE        4     3E5F       0
                text6                              7CC2     7CC2        4     3E61       0
                text5                              7D9C     7D9C       4A     3ECE       0
                text4                              7CE2     7CE2       10     3E71       0
                text3                              7DE6     7DE6       62     3EF3       0
                text2                              7D4E     7D4E       24     3EA7       0
                text1                              7CF2     7CF2       14     3E79       0
                text0                              7F34     7F34       CC     3F9A       0
                cstackCOMRAM                          1        1       1B        1       1
                dataCOMRAM                           1C       1C        4        1       1
                bssCOMRAM                            20       20        2        1       1
                cinit                              7D72     7D72       2A     3EB9       0
                idataCOMRAM                        7CC6     7CC6        4     7CC6       0

TOTAL           Name                               Link     Load   Length     Space
        CLASS   STACK          

        CLASS   CODE           
                init                                  0        0        4         0
                text13                             7EB2     7EB2       82         0
                text12                             7E48     7E48       6A         0
                text11                             7D06     7D06       24         0
                text10                             7D2A     7D2A       24         0
                text9                              7CCA     7CCA        C         0
                text8                              7CD6     7CD6        C         0
                text7                              7CBE     7CBE        4         0
                text6                              7CC2     7CC2        4         0
                text5                              7D9C     7D9C       4A         0
                text4                              7CE2     7CE2       10         0
                text3                              7DE6     7DE6       62         0
                text2                              7D4E     7D4E       24         0
                text1                              7CF2     7CF2       14         0
                text0                              7F34     7F34       CC         0
                cinit                              7D72     7D72       2A         0
                idataCOMRAM                        7CC6     7CC6        4         0

        CLASS   CONST          

        CLASS   SMALLCONST     

        CLASS   MEDIUMCONST    

        CLASS   COMRAM         
                cstackCOMRAM                          1        1       1B         1
                dataCOMRAM                           1C       1C        4         1
                bssCOMRAM                            20       20        2         1

        CLASS   ABS1           

        CLASS   BIGRAM         

        CLASS   RAM            

        CLASS   BANK0          

        CLASS   BANK1          

        CLASS   BANK2          

        CLASS   BANK3          

        CLASS   BANK4          

        CLASS   BANK5          

        CLASS   SFR            

        CLASS   FARRAM         

        CLASS   CONFIG         
                config                           300000   300000        E         0

        CLASS   IDLOC          
                idloc                            200000   200000        8         0

        CLASS   EEDATA         



SEGMENTS        Name                           Load    Length   Top    Selector   Space  Class

                reset_vec                      000000  000004  000004         0       0  CODE    
                cstackCOMRAM                   000001  000021  000022         1       1  COMRAM  
                text7                          007CBE  000004  007CC2      3E5F       0  CODE    
                text6                          007CC2  000004  007CC6      3E61       0  CODE    
                idataCOMRAM                    007CC6  000004  007CCA      7CC6       0  CODE    
                text9                          007CCA  00000C  007CD6      3E65       0  CODE    
                text8                          007CD6  00000C  007CE2      3E6B       0  CODE    
                text4                          007CE2  000010  007CF2      3E71       0  CODE    
                text1                          007CF2  000014  007D06      3E79       0  CODE    
                text11                         007D06  000024  007D2A      3E83       0  CODE    
                text10                         007D2A  000024  007D4E      3E95       0  CODE    
                text2                          007D4E  000024  007D72      3EA7       0  CODE    
                cinit                          007D72  00002A  007D9C      3EB9       0  CODE    
                text5                          007D9C  00004A  007DE6      3ECE       0  CODE    
                text3                          007DE6  000062  007E48      3EF3       0  CODE    
                text12                         007E48  00006A  007EB2      3F24       0  CODE    
                text13                         007EB2  000082  007F34      3F59       0  CODE    
                text0                          007F34  0000CC  008000      3F9A       0  CODE    
                idloc                          200000  000008  200008    200000       0  IDLOC   
                config                         300000  00000E  30000E    300000       0  CONFIG  


UNUSED ADDRESS RANGES

        Name                Unused          Largest block    Delta
        BANK0            000060-0000FF               A0
        BANK1            000100-0001FF              100
        BANK2            000200-0002FF              100
        BANK3            000300-0003FF              100
        BANK4            000400-0004FF              100
        BANK5            000500-0005FF              100
        BIGRAM           000022-0005FF              5DE
        CODE             000004-007CBD             7CBA
        COMRAM           000022-00005F               3E
        CONST            000004-007CBD             7CBA
        EEDATA           F00000-F000FF              100
        MEDIUMCONST      000600-007CBD             76BE
        RAM              000060-0005FF              100
        SFR              000F38-000FFF               28
        SMALLCONST       000600-007CBD              100
        STACK            000060-0005FF              5A0

                                  Symbol Table

?___lldiv                    cstackCOMRAM 000001
I2C_ACK@ack                  cstackCOMRAM 000003
I2C_Initialize@freq          cstackCOMRAM 00000E
I2C_Read_Register@addr       cstackCOMRAM 000006
I2C_Read_Register@incoming   cstackCOMRAM 000005
I2C_Read_Register@reg        cstackCOMRAM 000004
I2C_Write@data               cstackCOMRAM 000003
I2C_Write_Multiple@data      cstackCOMRAM 000004
I2C_Write_Multiple@i         cstackCOMRAM 00000A
I2C_Write_Multiple@len       cstackCOMRAM 000006
I2C_Write_Register@addr      cstackCOMRAM 00000E
I2C_Write_Register@data      cstackCOMRAM 00000D
I2C_Write_Register@data_arr  cstackCOMRAM 00000F
I2C_Write_Register@reg       cstackCOMRAM 00000C
_ANSELC                      (abs)        000F3A
_CURRENT_SLAVE_STATUE        bssCOMRAM    000021
_CURRENT_VOLTAGE_SENSE       bssCOMRAM    000020
_I2C_ACK                     text11       007D06
_I2C_Begin                   text9        007CCA
_I2C_End                     text8        007CD6
_I2C_Hold                    text10       007D2A
_I2C_Initialize              text12       007E48
_I2C_Read_Register           text5        007D9C
_I2C_Receive_Enable          text7        007CBE
_I2C_Repeated_Start          text6        007CC2
_I2C_Write                   text4        007CE2
_I2C_Write_Multiple          text3        007DE6
_I2C_Write_Register          text2        007D4E
_LATC                        (abs)        000F8B
_PMD1                        (abs)        000F3E
_PORTC                       (abs)        000F82
_SSP1ADD                     (abs)        000FC8
_SSP1BUF                     (abs)        000FC9
_SSP1CON1                    (abs)        000FC6
_SSP1CON2                    (abs)        000FC5
_SSP1CON3                    (abs)        000FCB
_SSP1STAT                    (abs)        000FC7
_TRISC                       (abs)        000F94
_UART_Initialize             text1        007CF2
__CFG_FOSC$INTIO7            (abs)        000000
__CFG_WDTEN$OFF              (abs)        000000
__CFG_WDTPS$32768            (abs)        000000
__HRAM                       (abs)        000000
__Habs1                      abs1         000000
__Hbank0                     bank0        000000
__Hbank1                     bank1        000000
__Hbank2                     bank2        000000
__Hbank3                     bank3        000000
__Hbank4                     bank4        000000
__Hbank5                     bank5        000000
__Hbigbss                    bigbss       000000
__Hbigdata                   bigdata      000000
__Hbigram                    bigram       000000
__Hbss                       bss          000000
__HbssCOMRAM                 bssCOMRAM    000000
__Hcinit                     cinit        000000
__Hclrtext                   clrtext      000000
__Hcomram                    comram       000000
__Hconfig                    config       30000E
__Hconst                     const        000000
__HcstackCOMRAM              cstackCOMRAM 000000
__Hdata                      data         000000
__HdataCOMRAM                dataCOMRAM   000000
__Heeprom_data               eeprom_data  000000
__Hfarbss                    farbss       000000
__Hfardata                   fardata      000000
__Hibigdata                  ibigdata     000000
__Hidata                     idata        000000
__HidataCOMRAM               idataCOMRAM  000000
__Hidloc                     idloc        200008
__Hifardata                  ifardata     000000
__Hinit                      init         000004
__Hintcode                   intcode      000000
__Hintcode_body              intcode_body 000000
__Hintcodelo                 intcodelo    000000
__Hintentry                  intentry     000000
__Hintret                    intret       000000
__Hintsave_regs              intsave_regs 000000
__Hirdata                    irdata       000000
__Hmediumconst               mediumconst  000000
__HnvFARRAM                  nvFARRAM     000000
__Hnvbit                     nvbit        000000
__Hnvrram                    nvrram       000000
__Hparam                     rparam       000000
__Hpowerup                   powerup      000000
__Hram                       ram          000000
__Hramtop                    ramtop       000600
__Hrbit                      rbit         000000
__Hrbss                      rbss         000000
__Hrdata                     rdata        000000
__Hreset_vec                 reset_vec    000000
__Hrparam                    rparam       000000
__Hsfr                       sfr          000000
__Hsmallconst                smallconst   000000
__Hspace_0                   (abs)        30000E
__Hspace_1                   (abs)        000022
__Hspace_2                   (abs)        000000
__Hstack                     stack        000000
__Hstruct                    struct       000000
__Htemp                      temp         000000
__Htext                      text         000000
__Htext0                     text0        000000
__Htext1                     text1        000000
__Htext10                    text10       000000
__Htext11                    text11       000000
__Htext12                    text12       000000
__Htext13                    text13       000000
__Htext2                     text2        000000
__Htext3                     text3        000000
__Htext4                     text4        000000
__Htext5                     text5        000000
__Htext6                     text6        000000
__Htext7                     text7        000000
__Htext8                     text8        000000
__Htext9                     text9        000000
__LRAM                       (abs)        000001
__Labs1                      abs1         000000
__Lbank0                     bank0        000000
__Lbank1                     bank1        000000
__Lbank2                     bank2        000000
__Lbank3                     bank3        000000
__Lbank4                     bank4        000000
__Lbank5                     bank5        000000
__Lbigbss                    bigbss       000000
__Lbigdata                   bigdata      000000
__Lbigram                    bigram       000000
__Lbss                       bss          000000
__LbssCOMRAM                 bssCOMRAM    000000
__Lcinit                     cinit        000000
__Lclrtext                   clrtext      000000
__Lcomram                    comram       000000
__Lconfig                    config       300000
__Lconst                     const        000000
__LcstackCOMRAM              cstackCOMRAM 000000
__Ldata                      data         000000
__LdataCOMRAM                dataCOMRAM   000000
__Leeprom_data               eeprom_data  000000
__Lfarbss                    farbss       000000
__Lfardata                   fardata      000000
__Libigdata                  ibigdata     000000
__Lidata                     idata        000000
__LidataCOMRAM               idataCOMRAM  000000
__Lidloc                     idloc        200000
__Lifardata                  ifardata     000000
__Linit                      init         000000
__Lintcode                   intcode      000000
__Lintcode_body              intcode_body 000000
__Lintcodelo                 intcodelo    000000
__Lintentry                  intentry     000000
__Lintret                    intret       000000
__Lintsave_regs              intsave_regs 000000
__Lirdata                    irdata       000000
__Lmediumconst               mediumconst  000000
__LnvFARRAM                  nvFARRAM     000000
__Lnvbit                     nvbit        000000
__Lnvrram                    nvrram       000000
__Lparam                     rparam       000000
__Lpowerup                   powerup      000000
__Lram                       ram          000000
__Lramtop                    ramtop       000600
__Lrbit                      rbit         000000
__Lrbss                      rbss         000000
__Lrdata                     rdata        000000
__Lreset_vec                 reset_vec    000000
__Lrparam                    rparam       000000
__Lsfr                       sfr          000000
__Lsmallconst                smallconst   000000
__Lspace_0                   (abs)        000000
__Lspace_1                   (abs)        000000
__Lspace_2                   (abs)        000000
__Lstack                     stack        000000
__Lstruct                    struct       000000
__Ltemp                      temp         000000
__Ltext                      text         000000
__Ltext0                     text0        000000
__Ltext1                     text1        000000
__Ltext10                    text10       000000
__Ltext11                    text11       000000
__Ltext12                    text12       000000
__Ltext13                    text13       000000
__Ltext2                     text2        000000
__Ltext3                     text3        000000
__Ltext4                     text4        000000
__Ltext5                     text5        000000
__Ltext6                     text6        000000
__Ltext7                     text7        000000
__Ltext8                     text8        000000
__Ltext9                     text9        000000
__S0                         (abs)        30000E
__S1                         (abs)        000022
__S2                         (abs)        000000
___inthi_sp                  stack        000000
___intlo_sp                  stack        000000
___lldiv                     text13       007EB2
___lldiv@counter             cstackCOMRAM 00000D
___lldiv@dividend            cstackCOMRAM 000001
___lldiv@divisor             cstackCOMRAM 000005
___lldiv@quotient            cstackCOMRAM 000009
___param_bank                (abs)        000000
___rparam_used               (abs)        000001
___sp                        stack        000000
__accesstop                  (abs)        000060
__activetblptr               (abs)        000000
__end_of_I2C_ACK             text11       007D2A
__end_of_I2C_Begin           text9        007CD6
__end_of_I2C_End             text8        007CE2
__end_of_I2C_Hold            text10       007D4E
__end_of_I2C_Initialize      text12       007EB2
__end_of_I2C_Read_Register   text5        007DE6
__end_of_I2C_Receive_Enable  text7        007CC2
__end_of_I2C_Repeated_Start  text6        007CC6
__end_of_I2C_Write           text4        007CF2
__end_of_I2C_Write_Multiple  text3        007E48
__end_of_I2C_Write_Register  text2        007D72
__end_of_UART_Initialize     text1        007D06
__end_of___lldiv             text13       007F34
__end_of__initialization     cinit        007D96
__end_of_main                text0        008000
__initialization             cinit        007D72
__mediumconst                mediumconst  000000
__pbssCOMRAM                 bssCOMRAM    000020
__pcinit                     cinit        007D72
__pcstackCOMRAM              cstackCOMRAM 000001
__pdataCOMRAM                dataCOMRAM   00001C
__pidataCOMRAM               idataCOMRAM  007CC6
__ptext0                     text0        007F34
__ptext1                     text1        007CF2
__ptext10                    text10       007D2A
__ptext11                    text11       007D06
__ptext12                    text12       007E48
__ptext13                    text13       007EB2
__ptext2                     text2        007D4E
__ptext3                     text3        007DE6
__ptext4                     text4        007CE2
__ptext5                     text5        007D9C
__ptext6                     text6        007CC2
__ptext7                     text7        007CBE
__ptext8                     text8        007CD6
__ptext9                     text9        007CCA
__ramtop                     ramtop       000600
__size_of_I2C_ACK            (abs)        000000
__size_of_I2C_Begin          (abs)        000000
__size_of_I2C_End            (abs)        000000
__size_of_I2C_Hold           (abs)        000000
__size_of_I2C_Initialize     (abs)        000000
__size_of_I2C_Read_Register  (abs)        000000
__size_of_I2C_Receive_Enable (abs)        000000
__size_of_I2C_Repeated_Start (abs)        000000
__size_of_I2C_Write          (abs)        000000
__size_of_I2C_Write_Multiple (abs)        000000
__size_of_I2C_Write_Register (abs)        000000
__size_of_UART_Initialize    (abs)        000000
__size_of___lldiv            (abs)        000000
__size_of_main               (abs)        000000
__smallconst                 smallconst   000000
_main                        text0        007F34
end_of_initialization        cinit        007D96
intlevel0                    text         000000
intlevel1                    text         000000
intlevel2                    text         000000
intlevel3                    text         000000
main@F5749                   dataCOMRAM   00001C
main@data                    cstackCOMRAM 000018
stackhi                      (abs)        0005FF
stacklo                      (abs)        000060
start                        init         000000
start_initialization         cinit        007D72


FUNCTION INFORMATION:

 *************** function _main *****************
 Defined at:
		line 28 in file "main.c"
 Parameters:    Size  Location     Type
		None
 Auto vars:     Size  Location     Type
  data            4   23[COMRAM] unsigned char [4]
 Return value:  Size  Location     Type
                  1    wreg      void 
 Registers used:
		wreg, fsr2l, fsr2h, status,2, status,0, cstack
 Tracked objects:
		On entry : 
		On exit  : 
		Unchanged: 
 Data sizes:     COMRAM   BANK0   BANK1   BANK2   BANK3   BANK4   BANK5
      Params:         0       0       0       0       0       0       0
      Locals:         4       0       0       0       0       0       0
      Temps:          2       0       0       0       0       0       0
      Totals:         6       0       0       0       0       0       0
Total ram usage:        6 bytes
 Hardware stack levels required when called:    5
 This function calls:
		_I2C_Initialize
		_I2C_Read_Register
		_I2C_Write_Register
		_UART_Initialize
 This function is called by:
		Startup code after reset
 This function uses a non-reentrant model


 *************** function _UART_Initialize *****************
 Defined at:
		line 5 in file "uart.c"
 Parameters:    Size  Location     Type
		None
 Auto vars:     Size  Location     Type
		None
 Return value:  Size  Location     Type
                  1    wreg      void 
 Registers used:
		wreg, status,2, status,0
 Tracked objects:
		On entry : 
		On exit  : 
		Unchanged: 
 Data sizes:     COMRAM   BANK0   BANK1   BANK2   BANK3   BANK4   BANK5
      Params:         0       0       0       0       0       0       0
      Locals:         0       0       0       0       0       0       0
      Temps:          0       0       0       0       0       0       0
      Totals:         0       0       0       0       0       0       0
Total ram usage:        0 bytes
 Hardware stack levels used:    1
 This function calls:
		Nothing
 This function is called by:
		_main
 This function uses a non-reentrant model


 *************** function _I2C_Write_Register *****************
 Defined at:
		line 114 in file "i2c.c"
 Parameters:    Size  Location     Type
  addr            1    wreg     unsigned char 
  reg             1   11[COMRAM] unsigned char 
  data            1   12[COMRAM] unsigned char 
 Auto vars:     Size  Location     Type
  addr            1   13[COMRAM] unsigned char 
  data_arr        3   14[COMRAM] unsigned char [3]
 Return value:  Size  Location     Type
                  1    wreg      void 
 Registers used:
		wreg, fsr2l, fsr2h, status,2, status,0, cstack
 Tracked objects:
		On entry : 
		On exit  : 
		Unchanged: 
 Data sizes:     COMRAM   BANK0   BANK1   BANK2   BANK3   BANK4   BANK5
      Params:         2       0       0       0       0       0       0
      Locals:         4       0       0       0       0       0       0
      Temps:          0       0       0       0       0       0       0
      Totals:         6       0       0       0       0       0       0
Total ram usage:        6 bytes
 Hardware stack levels used:    1
 Hardware stack levels required when called:    4
 This function calls:
		_I2C_Write_Multiple
 This function is called by:
		_main
 This function uses a non-reentrant model


 *************** function _I2C_Write_Multiple *****************
 Defined at:
		line 76 in file "i2c.c"
 Parameters:    Size  Location     Type
  data            2    3[COMRAM] PTR unsigned char 
		 -> I2C_Write_Register@data_arr(3), 
  len             1    5[COMRAM] unsigned char 
 Auto vars:     Size  Location     Type
  i               2    9[COMRAM] int 
 Return value:  Size  Location     Type
                  1    wreg      void 
 Registers used:
		wreg, fsr2l, fsr2h, status,2, status,0, cstack
 Tracked objects:
		On entry : 
		On exit  : 
		Unchanged: 
 Data sizes:     COMRAM   BANK0   BANK1   BANK2   BANK3   BANK4   BANK5
      Params:         3       0       0       0       0       0       0
      Locals:         2       0       0       0       0       0       0
      Temps:          3       0       0       0       0       0       0
      Totals:         8       0       0       0       0       0       0
Total ram usage:        8 bytes
 Hardware stack levels used:    1
 Hardware stack levels required when called:    3
 This function calls:
		_I2C_Begin
		_I2C_End
		_I2C_Hold
		_I2C_Write
 This function is called by:
		_I2C_Write_Register
 This function uses a non-reentrant model


 *************** function _I2C_Write *****************
 Defined at:
		line 64 in file "i2c.c"
 Parameters:    Size  Location     Type
  data            1    wreg     unsigned char 
 Auto vars:     Size  Location     Type
  data            1    2[COMRAM] unsigned char 
 Return value:  Size  Location     Type
                  1    wreg      void 
 Registers used:
		wreg, status,2, status,0, cstack
 Tracked objects:
		On entry : 
		On exit  : 
		Unchanged: 
 Data sizes:     COMRAM   BANK0   BANK1   BANK2   BANK3   BANK4   BANK5
      Params:         0       0       0       0       0       0       0
      Locals:         1       0       0       0       0       0       0
      Temps:          0       0       0       0       0       0       0
      Totals:         1       0       0       0       0       0       0
Total ram usage:        1 bytes
 Hardware stack levels used:    1
 Hardware stack levels required when called:    2
 This function calls:
		_I2C_Begin
		_I2C_End
 This function is called by:
		_I2C_Write_Multiple
 This function uses a non-reentrant model


 *************** function _I2C_Read_Register *****************
 Defined at:
		line 136 in file "i2c.c"
 Parameters:    Size  Location     Type
  addr            1    wreg     unsigned char 
  reg             1    3[COMRAM] unsigned char 
 Auto vars:     Size  Location     Type
  addr            1    5[COMRAM] unsigned char 
  incoming        1    4[COMRAM] unsigned char 
 Return value:  Size  Location     Type
                  1    wreg      unsigned char 
 Registers used:
		wreg, status,2, status,0, cstack
 Tracked objects:
		On entry : 
		On exit  : 
		Unchanged: 
 Data sizes:     COMRAM   BANK0   BANK1   BANK2   BANK3   BANK4   BANK5
      Params:         1       0       0       0       0       0       0
      Locals:         2       0       0       0       0       0       0
      Temps:          0       0       0       0       0       0       0
      Totals:         3       0       0       0       0       0       0
Total ram usage:        3 bytes
 Hardware stack levels used:    1
 Hardware stack levels required when called:    2
 This function calls:
		_I2C_ACK
		_I2C_Begin
		_I2C_End
		_I2C_Hold
		_I2C_Receive_Enable
		_I2C_Repeated_Start
 This function is called by:
		_main
 This function uses a non-reentrant model


 *************** function _I2C_Repeated_Start *****************
 Defined at:
		line 50 in file "i2c.c"
 Parameters:    Size  Location     Type
		None
 Auto vars:     Size  Location     Type
		None
 Return value:  Size  Location     Type
                  1    wreg      void 
 Registers used:
		status,2, status,0
 Tracked objects:
		On entry : 
		On exit  : 
		Unchanged: 
 Data sizes:     COMRAM   BANK0   BANK1   BANK2   BANK3   BANK4   BANK5
      Params:         0       0       0       0       0       0       0
      Locals:         0       0       0       0       0       0       0
      Temps:          0       0       0       0       0       0       0
      Totals:         0       0       0       0       0       0       0
Total ram usage:        0 bytes
 Hardware stack levels used:    1
 This function calls:
		Nothing
 This function is called by:
		_I2C_Read_Register
		_I2C_Read4_Registers
 This function uses a non-reentrant model


 *************** function _I2C_Receive_Enable *****************
 Defined at:
		line 44 in file "i2c.c"
 Parameters:    Size  Location     Type
		None
 Auto vars:     Size  Location     Type
		None
 Return value:  Size  Location     Type
                  1    wreg      void 
 Registers used:
		status,2, status,0
 Tracked objects:
		On entry : 
		On exit  : 
		Unchanged: 
 Data sizes:     COMRAM   BANK0   BANK1   BANK2   BANK3   BANK4   BANK5
      Params:         0       0       0       0       0       0       0
      Locals:         0       0       0       0       0       0       0
      Temps:          0       0       0       0       0       0       0
      Totals:         0       0       0       0       0       0       0
Total ram usage:        0 bytes
 Hardware stack levels used:    1
 This function calls:
		Nothing
 This function is called by:
		_I2C_Read_Register
		_I2C_Read
		_I2C_Read4_Registers
 This function uses a non-reentrant model


 *************** function _I2C_End *****************
 Defined at:
		line 36 in file "i2c.c"
 Parameters:    Size  Location     Type
		None
 Auto vars:     Size  Location     Type
		None
 Return value:  Size  Location     Type
                  1    wreg      void 
 Registers used:
		wreg, status,2, status,0, cstack
 Tracked objects:
		On entry : 
		On exit  : 
		Unchanged: 
 Data sizes:     COMRAM   BANK0   BANK1   BANK2   BANK3   BANK4   BANK5
      Params:         0       0       0       0       0       0       0
      Locals:         0       0       0       0       0       0       0
      Temps:          0       0       0       0       0       0       0
      Totals:         0       0       0       0       0       0       0
Total ram usage:        0 bytes
 Hardware stack levels used:    1
 Hardware stack levels required when called:    1
 This function calls:
		_I2C_Hold
 This function is called by:
		_I2C_Write
		_I2C_Write_Multiple
		_I2C_Read_Register
		_I2C_Read
		_I2C_Read4_Registers
 This function uses a non-reentrant model


 *************** function _I2C_Begin *****************
 Defined at:
		line 28 in file "i2c.c"
 Parameters:    Size  Location     Type
		None
 Auto vars:     Size  Location     Type
		None
 Return value:  Size  Location     Type
                  1    wreg      void 
 Registers used:
		wreg, status,2, status,0, cstack
 Tracked objects:
		On entry : 
		On exit  : 
		Unchanged: 
 Data sizes:     COMRAM   BANK0   BANK1   BANK2   BANK3   BANK4   BANK5
      Params:         0       0       0       0       0       0       0
      Locals:         0       0       0       0       0       0       0
      Temps:          0       0       0       0       0       0       0
      Totals:         0       0       0       0       0       0       0
Total ram usage:        0 bytes
 Hardware stack levels used:    1
 Hardware stack levels required when called:    1
 This function calls:
		_I2C_Hold
 This function is called by:
		_I2C_Write
		_I2C_Write_Multiple
		_I2C_Read_Register
		_I2C_Read
		_I2C_Read4_Registers
 This function uses a non-reentrant model


 *************** function _I2C_Hold *****************
 Defined at:
		line 25 in file "i2c.c"
 Parameters:    Size  Location     Type
		None
 Auto vars:     Size  Location     Type
		None
 Return value:  Size  Location     Type
                  1    wreg      void 
 Registers used:
		wreg, status,2, status,0
 Tracked objects:
		On entry : 
		On exit  : 
		Unchanged: 
 Data sizes:     COMRAM   BANK0   BANK1   BANK2   BANK3   BANK4   BANK5
      Params:         0       0       0       0       0       0       0
      Locals:         0       0       0       0       0       0       0
      Temps:          2       0       0       0       0       0       0
      Totals:         2       0       0       0       0       0       0
Total ram usage:        2 bytes
 Hardware stack levels used:    1
 This function calls:
		Nothing
 This function is called by:
		_I2C_Begin
		_I2C_End
		_I2C_Write_Multiple
		_I2C_Read_Register
		_I2C_Read
		_I2C_Read4_Registers
 This function uses a non-reentrant model


 *************** function _I2C_ACK *****************
 Defined at:
		line 56 in file "i2c.c"
 Parameters:    Size  Location     Type
  ack             1    wreg     unsigned char 
 Auto vars:     Size  Location     Type
  ack             1    2[COMRAM] unsigned char 
 Return value:  Size  Location     Type
                  1    wreg      void 
 Registers used:
		wreg, status,2, status,0
 Tracked objects:
		On entry : 
		On exit  : 
		Unchanged: 
 Data sizes:     COMRAM   BANK0   BANK1   BANK2   BANK3   BANK4   BANK5
      Params:         0       0       0       0       0       0       0
      Locals:         1       0       0       0       0       0       0
      Temps:          2       0       0       0       0       0       0
      Totals:         3       0       0       0       0       0       0
Total ram usage:        3 bytes
 Hardware stack levels used:    1
 This function calls:
		Nothing
 This function is called by:
		_I2C_Read_Register
		_I2C_Read
		_I2C_Read4_Registers
 This function uses a non-reentrant model


 *************** function _I2C_Initialize *****************
 Defined at:
		line 6 in file "i2c.c"
 Parameters:    Size  Location     Type
  freq            4   13[COMRAM] const unsigned long 
 Auto vars:     Size  Location     Type
		None
 Return value:  Size  Location     Type
                  1    wreg      void 
 Registers used:
		wreg, status,2, status,0, cstack
 Tracked objects:
		On entry : 
		On exit  : 
		Unchanged: 
 Data sizes:     COMRAM   BANK0   BANK1   BANK2   BANK3   BANK4   BANK5
      Params:         4       0       0       0       0       0       0
      Locals:         0       0       0       0       0       0       0
      Temps:          4       0       0       0       0       0       0
      Totals:         8       0       0       0       0       0       0
Total ram usage:        8 bytes
 Hardware stack levels used:    1
 Hardware stack levels required when called:    1
 This function calls:
		___lldiv
 This function is called by:
		_main
 This function uses a non-reentrant model


 *************** function ___lldiv *****************
 Defined at:
		line 7 in file "C:\Program Files (x86)\Microchip\xc8\v2.05\pic\sources\c99\common\__lldiv.c"
 Parameters:    Size  Location     Type
  dividend        4    0[COMRAM] unsigned long 
  divisor         4    4[COMRAM] unsigned long 
 Auto vars:     Size  Location     Type
  quotient        4    8[COMRAM] unsigned long 
  counter         1   12[COMRAM] unsigned char 
 Return value:  Size  Location     Type
                  4    0[COMRAM] unsigned long 
 Registers used:
		wreg, status,2, status,0
 Tracked objects:
		On entry : 
		On exit  : 
		Unchanged: 
 Data sizes:     COMRAM   BANK0   BANK1   BANK2   BANK3   BANK4   BANK5
      Params:         8       0       0       0       0       0       0
      Locals:         5       0       0       0       0       0       0
      Temps:          0       0       0       0       0       0       0
      Totals:        13       0       0       0       0       0       0
Total ram usage:       13 bytes
 Hardware stack levels used:    1
 This function calls:
		Nothing
 This function is called by:
		_I2C_Initialize
 This function uses a non-reentrant model



MODULE INFORMATION

Module		Function		Class		Link	Load	Size
uart.c
		_UART_Initialize		CODE           	7CF2	0000	21

uart.c estimated size: 21

i2c.c
		_I2C_Write_Register		CODE           	7D4E	0000	37
		_I2C_Receive_Enable		CODE           	7CBE	0000	5
		_I2C_Write     		CODE           	7CE2	0000	17
		_I2C_End       		CODE           	7CD6	0000	13
		_I2C_Repeated_Start		CODE           	7CC2	0000	5
		_I2C_ACK       		CODE           	7D06	0000	37
		_I2C_Hold      		CODE           	7D2A	0000	37
		_I2C_Initialize		CODE           	7E48	0000	107
		_I2C_Write_Multiple		CODE           	7DE6	0000	99
		_I2C_Read_Register		CODE           	7D9C	0000	75
		_I2C_Begin     		CODE           	7CCA	0000	13

i2c.c estimated size: 445

C:\Program Files (x86)\Microchip\xc8\v2.05\pic\sources\c99\common\__lldiv.c
		___lldiv       		CODE           	7EB2	0000	131

C:\Program Files (x86)\Microchip\xc8\v2.05\pic\sources\c99\common\__lldiv.c estimated size: 131

shared
		__initialization		CODE           	7D72	0000	37

shared estimated size: 37

main.c
		_main          		CODE           	7F34	0000	205

main.c estimated size: 205

